// Jest Snapshot v1, https://goo.gl/fbAQLP

exports[`App renders correctly 1`] = `
<View
  style={
    Object {
      "flex": 1,
      "justifyContent": "center",
    }
  }
>
  <View
    style={
      Object {
        "flex": 1,
        "justifyContent": "center",
        "marginBottom": 15,
        "marginHorizontal": 5,
        "padding": 5,
      }
    }
  >
    <Text
      style={
        Object {
          "fontSize": 20,
          "paddingLeft": 1,
        }
      }
    >
      Innskráning
    </Text>
    <View
      style={
        Array [
          Object {
            "height": 40,
          },
          Object {
            "zIndex": 5000,
          },
        ]
      }
    >
      <View
        accessible={true}
        focusable={true}
        forwardedRef={[Function]}
        onClick={[Function]}
        onLayout={[Function]}
        onResponderGrant={[Function]}
        onResponderMove={[Function]}
        onResponderRelease={[Function]}
        onResponderTerminate={[Function]}
        onResponderTerminationRequest={[Function]}
        onStartShouldSetResponder={[Function]}
        style={
          Object {
            "alignItems": "center",
            "backgroundColor": "#FAFAFA",
            "borderBottomLeftRadius": 5,
            "borderBottomRightRadius": 5,
            "borderColor": "#dfdfdf",
            "borderTopLeftRadius": 5,
            "borderTopRightRadius": 5,
            "borderWidth": 1,
            "flex": 1,
            "flexDirection": "row",
            "opacity": 1,
            "paddingHorizontal": 10,
            "paddingVertical": 5,
          }
        }
      >
        <Text
          style={
            Array [
              Object {
                "color": "#000",
              },
              Object {},
              Object {
                "flex": 1,
                "opacity": 1,
              },
              Object {
                "marginLeft": 5,
                "marginRight": 0,
              },
              [Function],
              Object {},
              false,
              Object {},
            ]
          }
        >
          Velja starfsmann...
        </Text>
        <View
          style={
            Array [
              Object {
                "alignItems": "center",
                "borderBottomLeftRadius": 0,
                "borderTopLeftRadius": 0,
                "flexDirection": "row",
                "justifyContent": "center",
                "paddingVertical": 8,
              },
            ]
          }
        >
          <View
            style={
              Array [
                Object {},
                Object {
                  "opacity": 1,
                },
              ]
            }
          >
            <Text
              allowFontScaling={false}
              style={
                Array [
                  Object {
                    "color": "#000",
                    "fontSize": 15,
                  },
                  undefined,
                  Object {
                    "fontFamily": "Feather",
                    "fontStyle": "normal",
                    "fontWeight": "normal",
                  },
                  Object {},
                ]
              }
            >
              
            </Text>
          </View>
        </View>
      </View>
      <View
        style={
          Array [
            Object {
              "alignItems": "center",
              "backgroundColor": "#FAFAFA",
              "borderBottomLeftRadius": 5,
              "borderBottomRightRadius": 5,
              "borderColor": "#dfdfdf",
              "borderTopLeftRadius": 0,
              "borderTopRightRadius": 0,
              "borderWidth": 1,
              "justifyContent": "center",
              "maxHeight": 120,
              "minHeight": 40,
              "paddingHorizontal": 10,
              "paddingVertical": 5,
              "position": "absolute",
              "width": "100%",
            },
            Object {
              "borderWidth": 0,
              "display": "none",
              "position": "relative",
            },
            Object {
              "maxHeight": 150,
              "top": 0,
              "zIndex": 5000,
            },
          ]
        }
      >
        <RCTScrollView
          nestedScrollEnabled={true}
          style={
            Object {
              "width": "100%",
            }
          }
        >
          <View>
            <View
              style={
                Object {
                  "alignItems": "center",
                  "marginBottom": 15,
                  "marginVertical": 10,
                }
              }
            >
              <Text>
                Not Found
              </Text>
            </View>
          </View>
        </RCTScrollView>
      </View>
    </View>
  </View>
  <View
    style={
      Object {
        "alignItems": "center",
        "flex": 1,
        "justifyContent": "flex-start",
      }
    }
  >
    <View
      accessible={true}
      focusable={true}
      onClick={[Function]}
      onResponderGrant={[Function]}
      onResponderMove={[Function]}
      onResponderRelease={[Function]}
      onResponderTerminate={[Function]}
      onResponderTerminationRequest={[Function]}
      onStartShouldSetResponder={[Function]}
      style={
        Object {
          "alignItems": "center",
          "backgroundColor": "#81ABE4",
          "borderRadius": 5,
          "height": 93.38000000000001,
          "justifyContent": "center",
          "margin": "2%",
          "opacity": 1,
          "width": 187.5,
        }
      }
    >
      <Text
        style={
          Object {
            "color": "black",
            "fontSize": 18,
            "fontWeight": "bold",
          }
        }
      >
        Skrá inn
      </Text>
    </View>
  </View>
</View>
`;
